End                      0     0
Set                      1     2
Print                    2     1
If                       3     2
Goto                     4     1
Add                      5     3
Subtract                 6     3
Multiply                  7     3
Divide                   8     3
Increment                9     1
Decrement                10    1
Compare                  11    2
Sound                    12    1
ChangeSideTexture        13    2
ObjectSetType            14    2
Teleport                 15    3
DoorCycle                16    1
DoorLock                 17    1
DoorUnlock               18    1
AreaSound                19    5
GotoPlace                20    1
Delay                    21    1
SlideFloor               22    5
SlideCeiling             23    5
Gosub                    24    1
Random                   25    2
ObjectSound              26    4
ObjectSet                27    3
ObjectGet                28    3
Error                    29    1
LookForPlayer            30    2
IfNot                    31    2
ObjectGetAngleToObject   32    3
Absolute                 33    1
Clear                    34    1
Negate                   35    1
ObjectDistanceToObject   36    3
ObjectAccelForward       37    2
ObjectDamageForward      38    5
Subtract16               39    3
TextBoxSetSelection      40    2
ObjectShootObject        41    3
PlayerObjectGet          42    1
GetFloorHeight           43    2
GetCeilingHeight         44    2
DoorIncreaseLock         45    2
DoorDecreaseLock         46    2
SideSetState             47    2
WallSetState             48    2
SectorSetState           49    2
GivePlayerXP             50    1
GiveAllPlayersXP         51    1
Effect                   52    4
SectorSetLight           53    2
GenerateMissile          54    8
PlayerHasItem            55    2
IsEffectActive           56    2
ActivateGenerator        57    1
DeactiveGenerator        58    1
GroupState               59    1
Block                    60    1
Unblock                  61    1
ToggleSwitch             62    6
SlideFloorNice           63    5
SlideCeilingNice         64    5
JournalEntry             65    1

